// Jest Snapshot v1, https://goo.gl/fbAQLP

exports[`tests without crashing CartView 1`] = `ShallowWrapper {}`;
